CCS PCM C Compiler, Version 5.015, 5967               13-Ara-21 14:29

               Filename:   C:\Users\Admin\Desktop\CCS_Github_\(30) Compare Modu ------------[DUZELT]\(2) CCS_C\CCS_C.lst

               ROM used:   107 words (1%)
                           Largest free fragment is 2048
               RAM used:   12 (3%) at main() level
                           12 (3%) worst case
               Stack used: 1 locations (0 in main + 1 for interrupts)
               Stack size: 8

*
0000:  MOVLW  00
0001:  MOVWF  0A
0002:  GOTO   03A
0003:  NOP
0004:  MOVWF  7F
0005:  SWAPF  03,W
0006:  CLRF   03
0007:  MOVWF  21
0008:  MOVF   0A,W
0009:  MOVWF  20
000A:  CLRF   0A
000B:  MOVF   04,W
000C:  MOVWF  22
000D:  MOVF   77,W
000E:  MOVWF  23
000F:  MOVF   78,W
0010:  MOVWF  24
0011:  MOVF   79,W
0012:  MOVWF  25
0013:  MOVF   7A,W
0014:  MOVWF  26
0015:  BCF    03.7
0016:  BCF    03.5
0017:  MOVLW  8D
0018:  MOVWF  04
0019:  BTFSS  00.0
001A:  GOTO   01D
001B:  BTFSC  0D.0
001C:  GOTO   02E
001D:  MOVF   22,W
001E:  MOVWF  04
001F:  MOVF   23,W
0020:  MOVWF  77
0021:  MOVF   24,W
0022:  MOVWF  78
0023:  MOVF   25,W
0024:  MOVWF  79
0025:  MOVF   26,W
0026:  MOVWF  7A
0027:  MOVF   20,W
0028:  MOVWF  0A
0029:  SWAPF  21,W
002A:  MOVWF  03
002B:  SWAPF  7F,F
002C:  SWAPF  7F,W
002D:  RETFIE
002E:  BCF    0A.3
002F:  BCF    0A.4
0030:  GOTO   031
.................... #include <16f877.h> 
.................... //////////// Standard Header file for the PIC16F877 device //////////////// 
.................... /////////////////////////////////////////////////////////////////////////// 
.................... ////        (C) Copyright 1996, 2013 Custom Computer Services          //// 
.................... //// This source code may only be used by licensed users of the CCS C  //// 
.................... //// compiler.  This source code may only be distributed to other      //// 
.................... //// licensed users of the CCS C compiler.  No other use, reproduction //// 
.................... //// or distribution is permitted without written permission.          //// 
.................... //// Derivative programs created using this software in object code    //// 
.................... //// form are not restricted in any way.                               //// 
.................... /////////////////////////////////////////////////////////////////////////// 
.................... #device PIC16F877 
....................  
.................... #list 
....................  
.................... #use delay(clock=4000000) 
.................... #fuses XT,NOWDT,NOPUT,NOLVP,NOCPD,NOPROTECT,NODEBUG,NOBROWNOUT,NOWRT 
....................  
.................... #use fast_io(b) 
.................... #use fast_io(c) 
....................  
....................  
.................... #INT_CCP2 
.................... void compare_interrupt(){ 
....................    set_timer1(0); 
0031:  CLRF   0E
0032:  CLRF   0F
0033:  CLRF   0E
....................    output_toggle(pin_b0); 
0034:  MOVLW  01
0035:  XORWF  06,F
0036:  BCF    0D.0
0037:  BCF    0A.3
0038:  BCF    0A.4
0039:  GOTO   01D
.................... } 
....................  
....................  
.................... void main(){ 
003A:  MOVF   03,W
003B:  ANDLW  1F
003C:  MOVWF  03
003D:  BSF    03.5
003E:  BSF    1F.0
003F:  BSF    1F.1
0040:  BSF    1F.2
0041:  BCF    1F.3
0042:  BCF    03.7
....................  
....................    setup_psp(PSP_DISABLED); 
0043:  BCF    09.4
....................    // Timer1 kullanildigi icin buradaki kod devre disi birakildi 
....................    setup_timer_2(T2_DISABLED,0,1); 
0044:  MOVLW  00
0045:  MOVWF  78
0046:  BCF    03.5
0047:  MOVWF  12
0048:  MOVLW  00
0049:  BSF    03.5
004A:  MOVWF  12
....................    setup_adc_ports(NO_ANALOGS); 
004B:  BSF    1F.0
004C:  BSF    1F.1
004D:  BSF    1F.2
004E:  BCF    1F.3
....................    setup_adc(ADC_OFF); 
004F:  BCF    03.5
0050:  BCF    1F.0
....................    setup_CCP1(CCP_OFF); 
0051:  MOVLW  F0
0052:  ANDWF  17,F
....................    // CCP2 kullanildigi icin buradaki kod devre disi birakildi 
....................    
....................    set_tris_b(0x00);  
0053:  MOVLW  00
0054:  BSF    03.5
0055:  MOVWF  06
....................    set_tris_c(0x01); 
0056:  MOVLW  01
0057:  MOVWF  07
....................     
....................    output_b(0x00); 
0058:  BCF    03.5
0059:  CLRF   06
....................     
....................    enable_interrupts(INT_CCP2); 
005A:  BSF    03.5
005B:  BSF    0D.0
....................    enable_interrupts(GLOBAL); 
005C:  MOVLW  C0
005D:  BCF    03.5
005E:  IORWF  0B,F
....................     
....................    setup_ccp2(CCP_COMPARE_INT);     // CCP2 birimi compare moduna ayarlandi 
005F:  MOVLW  0A
0060:  MOVWF  1D
....................     
....................    setup_timer_1(T1_EXTERNAL_SYNC | T1_DIV_BY_1);   
0061:  MOVLW  83
0062:  MOVWF  10
....................     
....................    CCP_2_HIGH = 0x00;      // CCPR2H kaydedicisi sifirlaniyor 
0063:  CLRF   1C
....................    CCP_2_LOW = 0x05;       // CCPR2L kaydedicisine 5 degeri atanir 
0064:  MOVLW  05
0065:  MOVWF  1B
....................     
....................    set_timer1(0);          // timer1 icerigi clear edildi. 
0066:  CLRF   0E
0067:  CLRF   0F
0068:  CLRF   0E
....................     
....................    while(true); 
0069:  GOTO   069
.................... } 
006A:  SLEEP

Configuration Fuses:
   Word  1: 3F39   XT NOWDT NOPUT NOBROWNOUT NOLVP NOCPD NOWRT NODEBUG NOPROTECT
